Microchip MPLAB XC8 Compiler V1.33 ()

Linker command line:

--edf=C:\Program Files (x86)\Microchip\xc8\v1.33\dat\en_msgs.txt -cs \
  -h+dist/default/production\SPIPIC.X.production.sym \
  --cmf=dist/default/production\SPIPIC.X.production.cmf -z -Q16F690 \
  -oC:\Users\Glennnn\AppData\Local\Temp\s6uo.6 \
  -Mdist/default/production/SPIPIC.X.production.map -E1 -ver=XC8 \
  -ASTACK=0A0h-0efh -pstack=STACK -ACONST=00h-0FFhx16 -ACODE=00h-07FFhx2 \
  -ASTRCODE=00h-0FFFh -AENTRY=00h-0FFhx16 -ASTRING=00h-0FFhx16 \
  -ACOMMON=070h-07Fh -ABANK0=020h-06Fh -ABANK1=0A0h-0EFh \
  -ABANK2=0120h-016Fh -ARAM=020h-06Fh,0A0h-0EFh,0120h-016Fh \
  -AABS1=020h-07Fh,0A0h-0EFh,0120h-016Fh -ASFR0=00h-01Fh -ASFR1=080h-09Fh \
  -ASFR2=0100h-011Fh -ASFR3=0180h-01EFh \
  -preset_vec=00h,intentry=04h,init,end_init -ppowerup=CODE -pcinit=CODE \
  -pfunctab=CODE -ACONFIG=02007h-02007h -pconfig=CONFIG -DCONFIG=2 \
  -AIDLOC=02000h-02003h -pidloc=IDLOC -DIDLOC=2 -AEEDATA=00h-0FFh/02100h \
  -peeprom_data=EEDATA -DEEDATA=2 -DCODE=2 -DSTRCODE=2 -DSTRING=2 -DCONST=2 \
  -DENTRY=2 -k C:\Users\Glennnn\AppData\Local\Temp\s6uo.obj \
  dist/default/production\SPIPIC.X.production.obj 

Object code version is 3.11

Machine type is 16F690



                Name                               Link     Load   Length Selector   Space Scale
C:\Users\Glennnn\AppData\Local\Temp\s6uo.obj
                end_init                             11       11        2        8       0
                reset_vec                             0        0        2        0       0
dist/default/production\SPIPIC.X.production.obj
                cinit                                13       13        8        8       0
                intentry                              4        4        D        8       0
                text11                              175      175        A        8       0
                text10                               E5       E5       2F        8       0
                text9                               136      136       1E        8       0
                text8                               154      154       13        8       0
                text7                               185      185        6        8       0
                text6                               114      114       22        8       0
                text5                               167      167        E        8       0
                text4                                B6       B6       2F        8       0
                text3                               17F      17F        6        8       0
                text2                                87       87       2F        8       0
                text1                                1B       1B       39        8       0
                maintext                             54       54       33        8       0
                cstackBANK0                          20       20        B       20       1
                cstackCOMMON                         70       70        6       70       1
                bssBANK0                             2B       2B        2       20       1
                bssCOMMON                            76       76        3       70       1

TOTAL           Name                               Link     Load   Length     Space
        CLASS   STACK          

        CLASS   CONST          

        CLASS   CODE           
                end_init                             11       11        2         0
                cinit                                13       13        8         0
                intentry                              4        4        D         0
                reset_vec                             0        0        2         0
                text11                              175      175        A         0
                text10                               E5       E5       2F         0
                text9                               136      136       1E         0
                text8                               154      154       13         0
                text7                               185      185        6         0
                text6                               114      114       22         0
                text5                               167      167        E         0
                text4                                B6       B6       2F         0
                text3                               17F      17F        6         0
                text2                                87       87       2F         0
                text1                                1B       1B       39         0
                maintext                             54       54       33         0

        CLASS   STRCODE        

        CLASS   ENTRY          

        CLASS   STRING         

        CLASS   COMMON         
                cstackCOMMON                         70       70        6         1
                bssCOMMON                            76       76        3         1

        CLASS   BANK0          
                cstackBANK0                          20       20        B         1
                bssBANK0                             2B       2B        2         1

        CLASS   BANK1          

        CLASS   BANK2          

        CLASS   RAM            

        CLASS   ABS1           
                abs_s1                               7E       7E        2         1

        CLASS   SFR0           

        CLASS   SFR1           

        CLASS   SFR2           

        CLASS   SFR3           

        CLASS   CONFIG         

        CLASS   IDLOC          

        CLASS   EEDATA         

        CLASS   BANK3          



SEGMENTS        Name                           Load    Length   Top    Selector   Space  Class     Delta

                reset_vec                      000000  000002  000002         0       0  CODE        2
                intentry                       000004  000187  00018B         8       0  CODE        2
                cstackBANK0                    000020  00000D  00002D        20       1  BANK0       1
                cstackCOMMON                   000070  000009  000079        70       1  COMMON      1


UNUSED ADDRESS RANGES

        Name                Unused          Largest block    Delta
        BANK0            02D-06F            43           1
        BANK1            0A0-0EF            50           1
        BANK2            120-16F            50           1
        CODE             002-003             2           2
                         18B-FFF           675
        COMMON           079-07D             5           1
        CONFIG           2007-2007             1           2
        CONST            002-003             2           2
                         18B-FFF           100
        EEDATA           2100-21FF           100           2
        ENTRY            002-003             2           2
                         18B-FFF           100
        IDLOC            2000-2003             4           2
        RAM              02D-06F            43           1
                         0A0-0EF            50
                         120-16F            50
        SFR0             000-01F            20           1
        SFR1             080-09F            20           1
        SFR2             100-11F            20           1
        SFR3             180-1EF            70           1
        STACK            0A0-0EF            50           1
        STRCODE          002-003             2           2
                         18B-FFF           E75
        STRING           002-003             2           2
                         18B-FFF           100

                                  Symbol Table

_ANSEL                          (abs)        11E
_ANSELH                         (abs)        11F
_CCP1CON                        (abs)        017
_CCPR1L                         (abs)        015
_GIE                            (abs)        05F
_IOCB5                          (abs)        8B5
_IOCB7                          (abs)        8B7
_IOC_ISR                        text10       0E5
_Motor_control_init             text7        185
_PIR1                           (abs)        00C
_PORTB                          (abs)        006
_PORTC                          (abs)        007
_PR2                            (abs)        092
_PWM1CON                        (abs)        01C
_PWM_init                       text9        136
_RABIE                          (abs)        05B
_RABIF                          (abs)        058
_SSPBUF                         (abs)        013
_SSPCON                         (abs)        014
_SSPSTAT                        (abs)        094
_T2CON                          (abs)        012
_TRISB                          (abs)        086
_TRISC                          (abs)        087
__Habs1                         abs1         000
__Hbank0                        bank0        000
__Hbank1                        bank1        000
__Hbank2                        bank2        000
__Hbank3                        bank3        000
__HbssBANK0                     bssBANK0     000
__HbssCOMMON                    bssCOMMON    000
__Hcinit                        cinit        01B
__Hclrtext                      clrtext      000
__Hcode                         code         000
__Hcommon                       common       000
__Hconfig                       config       000
__HcstackBANK0                  cstackBANK0  000
__HcstackCOMMON                 cstackCOMMON 000
__Heeprom_data                  eeprom_data  000
__Hend_init                     end_init     013
__Hfunctab                      functab      000
__Hidloc                        idloc        000
__Hinit                         init         011
__Hintentry                     intentry     011
__Hmaintext                     maintext     000
__Hpowerup                      powerup      000
__Hram                          ram          000
__Hreset_vec                    reset_vec    002
__Hsfr0                         sfr0         000
__Hsfr1                         sfr1         000
__Hsfr2                         sfr2         000
__Hsfr3                         sfr3         000
__Hspace_0                      (abs)        18B
__Hspace_1                      (abs)        079
__Hspace_2                      (abs)        000
__Hspace_3                      (abs)        000
__Hstack                        stack        000
__Hstrings                      strings      000
__Htext                         text         000
__Labs1                         abs1         000
__Lbank0                        bank0        000
__Lbank1                        bank1        000
__Lbank2                        bank2        000
__Lbank3                        bank3        000
__LbssBANK0                     bssBANK0     000
__LbssCOMMON                    bssCOMMON    000
__Lcinit                        cinit        013
__Lclrtext                      clrtext      000
__Lcode                         code         000
__Lcommon                       common       000
__Lconfig                       config       000
__LcstackBANK0                  cstackBANK0  000
__LcstackCOMMON                 cstackCOMMON 000
__Leeprom_data                  eeprom_data  000
__Lend_init                     end_init     011
__Lfunctab                      functab      000
__Lidloc                        idloc        000
__Linit                         init         011
__Lintentry                     intentry     004
__Lmaintext                     maintext     000
__Lpowerup                      powerup      000
__Lram                          ram          000
__Lreset_vec                    reset_vec    000
__Lsfr0                         sfr0         000
__Lsfr1                         sfr1         000
__Lsfr2                         sfr2         000
__Lsfr3                         sfr3         000
__Lspace_0                      (abs)        000
__Lspace_1                      (abs)        000
__Lspace_2                      (abs)        000
__Lspace_3                      (abs)        000
__Lstack                        stack        000
__Lstrings                      strings      000
__Ltext                         text         000
__S0                            (abs)        18B
__S1                            (abs)        079
__S2                            (abs)        000
__S3                            (abs)        000
___int_sp                       stack        000
___latbits                      (abs)        001
___sp                           stack        000
__end_of_IOC_ISR                text10       114
__end_of_Motor_control_init     text7        18B
__end_of_PWM_init               text9        154
__end_of__initialization        cinit        018
__end_of_initMaster             text6        136
__end_of_initSPI                text5        175
__end_of_main                   maintext     087
__end_of_motor_start            text4        0E5
__end_of_motor_stop             text11       17F
__end_of_readBuffer             text1        054
__end_of_readRegisters          text2        0B6
__end_of_stopper_init           text8        167
__end_of_transmitData           text3        185
__initialization                cinit        013
__pbssBANK0                     bssBANK0     02B
__pbssCOMMON                    bssCOMMON    076
__pcstackBANK0                  cstackBANK0  020
__pcstackCOMMON                 cstackCOMMON 070
__pintentry                     intentry     004
__pmaintext                     maintext     054
__ptext0                        text0        000
__ptext1                        text1        01B
__ptext10                       text10       0E5
__ptext11                       text11       175
__ptext2                        text2        087
__ptext3                        text3        17F
__ptext4                        text4        0B6
__ptext5                        text5        167
__ptext6                        text6        114
__ptext7                        text7        185
__ptext8                        text8        154
__ptext9                        text9        136
__size_of_IOC_ISR               (abs)        000
__size_of_Motor_control_init    (abs)        000
__size_of_PWM_init              (abs)        000
__size_of_initMaster            (abs)        000
__size_of_initSPI               (abs)        000
__size_of_main                  (abs)        000
__size_of_motor_start           (abs)        000
__size_of_motor_stop            (abs)        000
__size_of_readBuffer            (abs)        000
__size_of_readRegisters         (abs)        000
__size_of_stopper_init          (abs)        000
__size_of_transmitData          (abs)        000
_byte                           bssCOMMON    076
_i                              bssBANK0     02B
_initMaster                     text6        114
_initSPI                        text5        167
_limit_left                     bssCOMMON    077
_limit_right                    bssCOMMON    078
_main                           maintext     054
_motor_start                    text4        0B6
_motor_stop                     text11       175
_readBuffer                     text1        01B
_readRegisters                  text2        087
_stopper_init                   text8        154
_transmitData                   text3        17F
btemp                           (abs)        07E
end_of_initialization           cinit        018
interrupt_function              intentry     004
intlevel0                       functab      000
intlevel1                       functab      000
intlevel2                       functab      000
intlevel3                       functab      000
intlevel4                       functab      000
intlevel5                       functab      000
ltemp                           (abs)        07E
ltemp0                          (abs)        07E
ltemp1                          (abs)        082
ltemp2                          (abs)        086
ltemp3                          (abs)        080
motor_start@dir                 cstackBANK0  023
motor_start@speed               cstackBANK0  020
readRegisters@amountOfAddresses cstackBANK0  021
readRegisters@startAddress      cstackBANK0  024
reset_vec                       reset_vec    000
saved_w                         (abs)        07E
stackhi                         (abs)        000
stacklo                         (abs)        000
start                           init         011
start_initialization            cinit        013
transmitData@data               cstackBANK0  020
ttemp                           (abs)        07E
ttemp0                          (abs)        07E
ttemp1                          (abs)        081
ttemp2                          (abs)        084
ttemp3                          (abs)        087
ttemp4                          (abs)        07F
wtemp                           (abs)        07E
wtemp0                          (abs)        07E
wtemp1                          (abs)        080
wtemp2                          (abs)        082
wtemp3                          (abs)        084
wtemp4                          (abs)        086
wtemp5                          (abs)        088
wtemp6                          (abs)        07F


FUNCTION INFORMATION:

 *************** function _main *****************
 Defined at:
		line 15 in file "main.c"
 Parameters:    Size  Location     Type
  argc            2    6[BANK0 ] int 
  argv            2    8[BANK0 ] PTR PTR unsigned char 
 Auto vars:     Size  Location     Type
		None
 Return value:  Size  Location     Type
                  2    6[BANK0 ] int 
 Registers used:
		wreg, status,2, status,0, pclath, cstack
 Tracked objects:
		On entry : 
		On exit  : 
		Unchanged: 
 Data sizes:     COMMON   BANK0   BANK1   BANK2
      Params:         0       4       0       0
      Locals:         0       0       0       0
      Temps:          0       1       0       0
      Totals:         0       5       0       0
Total ram usage:        5 bytes
 Hardware stack levels required when called:    5
 This function calls:
		_Motor_control_init
		_initMaster
		_initSPI
		_readBuffer
		_transmitData
 This function is called by:
		Startup code after reset
 This function uses a non-reentrant model


 *************** function _readBuffer *****************
 Defined at:
		line 138 in file "SPI.c"
 Parameters:    Size  Location     Type
		None
 Auto vars:     Size  Location     Type
		None
 Return value:  Size  Location     Type
		None               void
 Registers used:
		wreg, status,2, status,0, pclath, cstack
 Tracked objects:
		On entry : 
		On exit  : 
		Unchanged: 
 Data sizes:     COMMON   BANK0   BANK1   BANK2
      Params:         0       0       0       0
      Locals:         0       0       0       0
      Temps:          0       1       0       0
      Totals:         0       1       0       0
Total ram usage:        1 bytes
 Hardware stack levels used:    1
 Hardware stack levels required when called:    4
 This function calls:
		_motor_start
		_readRegisters
		_transmitData
 This function is called by:
		_main
 This function uses a non-reentrant model


 *************** function _readRegisters *****************
 Defined at:
		line 123 in file "SPI.c"
 Parameters:    Size  Location     Type
  startAddress    1    wreg     unsigned char 
  amountOfAddr    2    1[BANK0 ] int 
 Auto vars:     Size  Location     Type
  startAddress    1    4[BANK0 ] unsigned char 
 Return value:  Size  Location     Type
		None               void
 Registers used:
		wreg, status,2, status,0, pclath, cstack
 Tracked objects:
		On entry : 
		On exit  : 
		Unchanged: 
 Data sizes:     COMMON   BANK0   BANK1   BANK2
      Params:         0       2       0       0
      Locals:         0       1       0       0
      Temps:          0       1       0       0
      Totals:         0       4       0       0
Total ram usage:        4 bytes
 Hardware stack levels used:    1
 Hardware stack levels required when called:    3
 This function calls:
		_transmitData
 This function is called by:
		_readBuffer
 This function uses a non-reentrant model


 *************** function _transmitData *****************
 Defined at:
		line 37 in file "SPI.c"
 Parameters:    Size  Location     Type
  data            1    wreg     unsigned char 
 Auto vars:     Size  Location     Type
  data            1    0[BANK0 ] unsigned char 
 Return value:  Size  Location     Type
		None               void
 Registers used:
		wreg
 Tracked objects:
		On entry : 
		On exit  : 
		Unchanged: 
 Data sizes:     COMMON   BANK0   BANK1   BANK2
      Params:         0       0       0       0
      Locals:         0       1       0       0
      Temps:          0       0       0       0
      Totals:         0       1       0       0
Total ram usage:        1 bytes
 Hardware stack levels used:    1
 Hardware stack levels required when called:    2
 This function calls:
		Nothing
 This function is called by:
		_main
		_readRegisters
		_readBuffer
		_fillStandardDataFrame
		_setData
		_transmitBuffer
 This function uses a non-reentrant model


 *************** function _motor_start *****************
 Defined at:
		line 101 in file "Motor control.c"
 Parameters:    Size  Location     Type
  dir             1    wreg     unsigned char 
  speed           2    0[BANK0 ] int 
 Auto vars:     Size  Location     Type
  dir             1    3[BANK0 ] unsigned char 
 Return value:  Size  Location     Type
		None               void
 Registers used:
		wreg, status,2, status,0
 Tracked objects:
		On entry : 
		On exit  : 
		Unchanged: 
 Data sizes:     COMMON   BANK0   BANK1   BANK2
      Params:         0       2       0       0
      Locals:         0       1       0       0
      Temps:          0       1       0       0
      Totals:         0       4       0       0
Total ram usage:        4 bytes
 Hardware stack levels used:    1
 Hardware stack levels required when called:    2
 This function calls:
		Nothing
 This function is called by:
		_readBuffer
 This function uses a non-reentrant model


 *************** function _initSPI *****************
 Defined at:
		line 8 in file "SPI.c"
 Parameters:    Size  Location     Type
		None
 Auto vars:     Size  Location     Type
		None
 Return value:  Size  Location     Type
		None               void
 Registers used:
		wreg, status,2, status,0
 Tracked objects:
		On entry : 
		On exit  : 
		Unchanged: 
 Data sizes:     COMMON   BANK0   BANK1   BANK2
      Params:         0       0       0       0
      Locals:         0       0       0       0
      Temps:          0       1       0       0
      Totals:         0       1       0       0
Total ram usage:        1 bytes
 Hardware stack levels used:    1
 Hardware stack levels required when called:    2
 This function calls:
		Nothing
 This function is called by:
		_main
 This function uses a non-reentrant model


 *************** function _initMaster *****************
 Defined at:
		line 15 in file "SPI.c"
 Parameters:    Size  Location     Type
		None
 Auto vars:     Size  Location     Type
		None
 Return value:  Size  Location     Type
		None               void
 Registers used:
		wreg, status,2, status,0
 Tracked objects:
		On entry : 
		On exit  : 
		Unchanged: 
 Data sizes:     COMMON   BANK0   BANK1   BANK2
      Params:         0       0       0       0
      Locals:         0       0       0       0
      Temps:          0       1       0       0
      Totals:         0       1       0       0
Total ram usage:        1 bytes
 Hardware stack levels used:    1
 Hardware stack levels required when called:    2
 This function calls:
		Nothing
 This function is called by:
		_main
 This function uses a non-reentrant model


 *************** function _Motor_control_init *****************
 Defined at:
		line 49 in file "Motor control.c"
 Parameters:    Size  Location     Type
		None
 Auto vars:     Size  Location     Type
		None
 Return value:  Size  Location     Type
		None               void
 Registers used:
		wreg, status,2, status,0, pclath, cstack
 Tracked objects:
		On entry : 
		On exit  : 
		Unchanged: 
 Data sizes:     COMMON   BANK0   BANK1   BANK2
      Params:         0       0       0       0
      Locals:         0       0       0       0
      Temps:          0       0       0       0
      Totals:         0       0       0       0
Total ram usage:        0 bytes
 Hardware stack levels used:    1
 Hardware stack levels required when called:    3
 This function calls:
		_PWM_init
		_stopper_init
 This function is called by:
		_main
 This function uses a non-reentrant model


 *************** function _stopper_init *****************
 Defined at:
		line 81 in file "Motor control.c"
 Parameters:    Size  Location     Type
		None
 Auto vars:     Size  Location     Type
		None
 Return value:  Size  Location     Type
		None               void
 Registers used:
		wreg, status,2
 Tracked objects:
		On entry : 
		On exit  : 
		Unchanged: 
 Data sizes:     COMMON   BANK0   BANK1   BANK2
      Params:         0       0       0       0
      Locals:         0       0       0       0
      Temps:          0       0       0       0
      Totals:         0       0       0       0
Total ram usage:        0 bytes
 Hardware stack levels used:    1
 Hardware stack levels required when called:    2
 This function calls:
		Nothing
 This function is called by:
		_Motor_control_init
 This function uses a non-reentrant model


 *************** function _PWM_init *****************
 Defined at:
		line 60 in file "Motor control.c"
 Parameters:    Size  Location     Type
		None
 Auto vars:     Size  Location     Type
		None
 Return value:  Size  Location     Type
		None               void
 Registers used:
		wreg, status,2, status,0
 Tracked objects:
		On entry : 
		On exit  : 
		Unchanged: 
 Data sizes:     COMMON   BANK0   BANK1   BANK2
      Params:         0       0       0       0
      Locals:         0       0       0       0
      Temps:          0       1       0       0
      Totals:         0       1       0       0
Total ram usage:        1 bytes
 Hardware stack levels used:    1
 Hardware stack levels required when called:    2
 This function calls:
		Nothing
 This function is called by:
		_Motor_control_init
 This function uses a non-reentrant model


 *************** function _IOC_ISR *****************
 Defined at:
		line 27 in file "Motor control.c"
 Parameters:    Size  Location     Type
		None
 Auto vars:     Size  Location     Type
		None
 Return value:  Size  Location     Type
		None               void
 Registers used:
		wreg, status,2, status,0, pclath, cstack
 Tracked objects:
		On entry : 
		On exit  : 
		Unchanged: 
 Data sizes:     COMMON   BANK0   BANK1   BANK2
      Params:         0       0       0       0
      Locals:         0       0       0       0
      Temps:          5       0       0       0
      Totals:         5       0       0       0
Total ram usage:        5 bytes
 Hardware stack levels used:    1
 Hardware stack levels required when called:    1
 This function calls:
		_motor_stop
 This function is called by:
		Interrupt level 1
 This function uses a non-reentrant model


 *************** function _motor_stop *****************
 Defined at:
		line 121 in file "Motor control.c"
 Parameters:    Size  Location     Type
		None
 Auto vars:     Size  Location     Type
		None
 Return value:  Size  Location     Type
		None               void
 Registers used:
		wreg, status,2, status,0
 Tracked objects:
		On entry : 
		On exit  : 
		Unchanged: 
 Data sizes:     COMMON   BANK0   BANK1   BANK2
      Params:         0       0       0       0
      Locals:         0       0       0       0
      Temps:          1       0       0       0
      Totals:         1       0       0       0
Total ram usage:        1 bytes
 Hardware stack levels used:    1
 This function calls:
		Nothing
 This function is called by:
		_IOC_ISR
 This function uses a non-reentrant model



MODULE INFORMATION

Module		Function		Class		Link	Load	Size
Motor control.c
		_IOC_ISR       		CODE           	00E5	0000	47
		_PWM_init      		CODE           	0136	0000	30
		_motor_stop    		CODE           	0175	0000	10
		_motor_start   		CODE           	00B6	0000	47
		_stopper_init  		CODE           	0154	0000	19
		_Motor_control_		CODE           	0185	0000	6

Motor control.c estimated size: 159

shared
		__initializatio		CODE           	0013	0000	5

shared estimated size: 5

SPI.c
		_readBuffer    		CODE           	001B	0000	57
		_initSPI       		CODE           	0167	0000	14
		_readRegisters 		CODE           	0087	0000	47
		_initMaster    		CODE           	0114	0000	34
		_transmitData  		CODE           	017F	0000	6

SPI.c estimated size: 158

main.c
		_main          		CODE           	0054	0000	51

main.c estimated size: 51

